// Jest Snapshot v1, https://goo.gl/fbAQLP

exports[`<Header> renders correctly 1`] = `
<h1>
  Hello 
  Snapshot
   World!
</h1>
`;
